done photos/20231206_150232.png
done photos/20240528_210945.jpg
done photos/Screenshot_20260526_074348_Photos.png
done people/alexander-aguero-EnppVuXbcCE-unsplash.jpg
done people/anastasia-pivnenko-PRNG6R1nSpQ-unsplash.jpg
done people/ashford-marx-5nEMKAK1WQs-unsplash.jpg
done screen/archive__details-collection__1440x900__dpr1.png
done screen/archive__wayback-search__1440x900__dpr1.png
done screen/archives__exhibits__1440x900__dpr1.png
done documents/office_census-acs-2024_questionnaire_p01_page1.png
done documents/office_fec-form3_campaign-finance_p01_page1.png
done documents/office_fedreg-2026-10621_rule_p01_page1.png
done art-scans/haeckel_0007_cephalopods.png
done art-scans/haeckel_0034_radiolaria-green.png
done art-scans/haeckel_0040_starfish.png
done maps/nps_nps-bibe-2023-Wild-and-Scenic-Rivers-Brochure_p01.png
done maps/nps_nps-bibe-2023-Wild-and-Scenic-Rivers-Brochure_p02.png
done maps/nps_nps-biho-FINAL-VERSION_BIHO-unigrid_Side-1_X3_compressed-for-web-6_p01.png
done renders/a-chosen-soul-MOIGsaj8te0-unsplash.jpg
done renders/anton-sobotyak-g7aYFxxNTVA-unsplash.jpg
done renders/itsiken-pmYoy3WaFPU-unsplash.jpg
done textures/anca-gabriela-zosin-bMOnYbmQxHA-unsplash.jpg
done textures/bernd-dittrich-3MdsHe3IIOk-unsplash.jpg
done textures/han-hyunjun-Zd1u_C1BF8A-unsplash.jpg
